Put 0
Got: 0
Put 1
Got: 1
Put 2
Got: 2
Put -1
Got: -1
Done
