Trigger press
Trigger press and double press
Trigger press and long press
Handling long press
