1 Acquired
2 Acquired
1 Released
3 Acquired
2 Released
3 Released
